<?xml version="1.0" encoding="UTF-8"?>
<testsuites name="jest tests" tests="27" failures="0" errors="0" time="15.79">
  <testsuite name="&lt;CrearProductoPage /&gt; Proveedor" errors="0" failures="0" skipped="0" timestamp="2024-01-13T04:27:59" time="9.831" tests="4">
    <testcase classname="&lt;CrearProductoPage /&gt; Proveedor se renderiza correctamente" name="&lt;CrearProductoPage /&gt; Proveedor se renderiza correctamente" time="2.253">
    </testcase>
    <testcase classname="&lt;CrearProductoPage /&gt; Proveedor ingresar todos los campos" name="&lt;CrearProductoPage /&gt; Proveedor ingresar todos los campos" time="0.236">
    </testcase>
    <testcase classname="&lt;CrearProductoPage /&gt; Proveedor limite minimo y maximo de caracteres nombre" name="&lt;CrearProductoPage /&gt; Proveedor limite minimo y maximo de caracteres nombre" time="0.239">
    </testcase>
    <testcase classname="&lt;CrearProductoPage /&gt; Proveedor limite minimo y maximo de caracteres descripcion" name="&lt;CrearProductoPage /&gt; Proveedor limite minimo y maximo de caracteres descripcion" time="0.207">
    </testcase>
  </testsuite>
  <testsuite name="&lt;CrearProductoPage /&gt; Comprador" errors="0" failures="0" skipped="0" timestamp="2024-01-13T04:28:09" time="3.088" tests="4">
    <testcase classname="&lt;CrearProductoPage /&gt; Comprador se renderiza correctamente" name="&lt;CrearProductoPage /&gt; Comprador se renderiza correctamente" time="0.729">
    </testcase>
    <testcase classname="&lt;CrearProductoPage /&gt; Comprador ingresar todos los campos" name="&lt;CrearProductoPage /&gt; Comprador ingresar todos los campos" time="0.198">
    </testcase>
    <testcase classname="&lt;CrearProductoPage /&gt; Comprador limite minimo y maximo de caracteres nombre" name="&lt;CrearProductoPage /&gt; Comprador limite minimo y maximo de caracteres nombre" time="0.214">
    </testcase>
    <testcase classname="&lt;CrearProductoPage /&gt; Comprador limite minimo y maximo de caracteres descripcion" name="&lt;CrearProductoPage /&gt; Comprador limite minimo y maximo de caracteres descripcion" time="0.203">
    </testcase>
  </testsuite>
  <testsuite name="&lt;CrearOfertaPage /&gt;" errors="0" failures="0" skipped="0" timestamp="2024-01-13T04:27:59" time="13.337" tests="9">
    <testcase classname="&lt;CrearOfertaPage /&gt; se renderiza correctamente" name="&lt;CrearOfertaPage /&gt; se renderiza correctamente" time="2.142">
    </testcase>
    <testcase classname="&lt;CrearOfertaPage /&gt; ingresar todos los campos" name="&lt;CrearOfertaPage /&gt; ingresar todos los campos" time="0.3">
    </testcase>
    <testcase classname="&lt;CrearOfertaPage /&gt; limite minimo y maximo de precio unitario, formato adecuado" name="&lt;CrearOfertaPage /&gt; limite minimo y maximo de precio unitario, formato adecuado" time="0.459">
    </testcase>
    <testcase classname="&lt;CrearOfertaPage /&gt; precio instantaneo no inferior a unitario, precio unitario e instantáneo válidos" name="&lt;CrearOfertaPage /&gt; precio instantaneo no inferior a unitario, precio unitario e instantáneo válidos" time="0.405">
    </testcase>
    <testcase classname="&lt;CrearOfertaPage /&gt; limite minimo y maximo de precio instantaneo, formato adecuado" name="&lt;CrearOfertaPage /&gt; limite minimo y maximo de precio instantaneo, formato adecuado" time="0.52">
    </testcase>
    <testcase classname="&lt;CrearOfertaPage /&gt; limite minimo y maximo de cantidad minima, formato adecuado" name="&lt;CrearOfertaPage /&gt; limite minimo y maximo de cantidad minima, formato adecuado" time="0.313">
    </testcase>
    <testcase classname="&lt;CrearOfertaPage /&gt; limite minimo y maximo de cantidad máxima, formato adecuado" name="&lt;CrearOfertaPage /&gt; limite minimo y maximo de cantidad máxima, formato adecuado" time="0.305">
    </testcase>
    <testcase classname="&lt;CrearOfertaPage /&gt; unidades maximas no inferior a minimas, unidades minimas y maximas válidas" name="&lt;CrearOfertaPage /&gt; unidades maximas no inferior a minimas, unidades minimas y maximas válidas" time="0.316">
    </testcase>
    <testcase classname="&lt;CrearOfertaPage /&gt; limite minimo y maximo de caracteres descripcion e input válido" name="&lt;CrearOfertaPage /&gt; limite minimo y maximo de caracteres descripcion e input válido" time="0.301">
    </testcase>
  </testsuite>
  <testsuite name="&lt;CrearDemandaPage /&gt;" errors="0" failures="0" skipped="0" timestamp="2024-01-13T04:27:59" time="14.012" tests="9">
    <testcase classname="&lt;CrearDemandaPage /&gt; se renderiza correctamente" name="&lt;CrearDemandaPage /&gt; se renderiza correctamente" time="2.25">
    </testcase>
    <testcase classname="&lt;CrearDemandaPage /&gt; ingresar todos los campos" name="&lt;CrearDemandaPage /&gt; ingresar todos los campos" time="0.286">
    </testcase>
    <testcase classname="&lt;CrearDemandaPage /&gt; limite minimo y maximo de precio unitario, formato adecuado" name="&lt;CrearDemandaPage /&gt; limite minimo y maximo de precio unitario, formato adecuado" time="0.406">
    </testcase>
    <testcase classname="&lt;CrearDemandaPage /&gt; precio instantaneo no inferior a unitario, precio unitario e instantáneo válidos" name="&lt;CrearDemandaPage /&gt; precio instantaneo no inferior a unitario, precio unitario e instantáneo válidos" time="0.334">
    </testcase>
    <testcase classname="&lt;CrearDemandaPage /&gt; limite minimo y maximo de precio instantaneo, formato adecuado" name="&lt;CrearDemandaPage /&gt; limite minimo y maximo de precio instantaneo, formato adecuado" time="0.388">
    </testcase>
    <testcase classname="&lt;CrearDemandaPage /&gt; limite minimo y maximo de cantidad minima, formato adecuado" name="&lt;CrearDemandaPage /&gt; limite minimo y maximo de cantidad minima, formato adecuado" time="0.301">
    </testcase>
    <testcase classname="&lt;CrearDemandaPage /&gt; limite minimo y maximo de cantidad máxima, formato adecuado" name="&lt;CrearDemandaPage /&gt; limite minimo y maximo de cantidad máxima, formato adecuado" time="0.291">
    </testcase>
    <testcase classname="&lt;CrearDemandaPage /&gt; unidades maximas no inferior a minimas, unidades minimas y maximas válidas" name="&lt;CrearDemandaPage /&gt; unidades maximas no inferior a minimas, unidades minimas y maximas válidas" time="0.279">
    </testcase>
    <testcase classname="&lt;CrearDemandaPage /&gt; limite minimo y maximo de caracteres descripcion e input válido" name="&lt;CrearDemandaPage /&gt; limite minimo y maximo de caracteres descripcion e input válido" time="0.295">
    </testcase>
  </testsuite>
  <testsuite name="&lt;AppProvBar /&gt;" errors="0" failures="0" skipped="0" timestamp="2024-01-13T04:28:12" time="1.357" tests="1">
    <testcase classname="&lt;AppProvBar /&gt; se renderiza correctamente" name="&lt;AppProvBar /&gt; se renderiza correctamente" time="0.464">
    </testcase>
  </testsuite>
</testsuites>